The ``add_integer`` module
======================

Using ``add_integer``
-------------------

This is an text file in reStructuredText format.  First import
``add_integer`` from the ``add_integer`` module:

>>> add_integer = __import__('0-add_integer').add_integer

now using these cases:

>>> add_integer(6)
104

>>> add_integer(2, 8)
10

>>> add_integer(4.3, -3.7)
1

>>> add_integer(2)
100

>>> add_integer("4", 2)
Traceback (most recent call last):
...
TypeError: a must be an integer

>>> add_integer(2, "4")
Traceback (most recent call last):
...
TypeError: b must be an integer

>>> add_integer((3, 2), 4)
Traceback (most recent call last):
...
TypeError: a must be an integer

>>> add_integer([3, 2], (2,))
Traceback (most recent call last):
...
TypeError: a must be an integer

>>> add_integer(8, {})
Traceback (most recent call last):
...
TypeError: b must be an integer

>>> add_integer(None)
Traceback (most recent call last):
...
TypeError: a must be an integer

>>> add_integer(9999e9999)
Traceback (most recent call last):
...
OverflowError: cannot convert float infinity to integer

>>> add_integer()
Traceback (most recent call last):
...
TypeError: add_integer() missing 1 required positional argument: 'a'

>>> add_integer(12, 4, 8)
Traceback (most recent call last):
...
TypeError: add_integer() takes from 1 to 2 positional arguments but 3 were given

>>> add_integer(float("hello"), 3)
Traceback (most recent call last):
...
ValueError: could not convert string to float: 'hello'

>>> add_integer(float('nan'), 3)
Traceback (most recent call last):
...
ValueError: cannot convert float NaN to integer

>>> add_integer(int("c"), 3)
Traceback (most recent call last):
...
ValueError: invalid literal for int() with base 10: 'c'

>>> add_integer(r)
Traceback (most recent call last):
...
NameError: name 'r' is not defined

>>> add_integer(b=7)
Traceback (most recent call last):
...
TypeError: add_integer() missing 1 required positional argument: 'a'

>>> add_integer(b=10, a=4)
14

>>> add_integer(2, float('inf'))
Traceback (most recent call last):
...
OverflowError: cannot convert float infinity to integer

